// Jest Snapshot v1, https://goo.gl/fbAQLP

exports[`given: no game created event data when: I create an game created event dto then: dto threw expected error 1`] = `"GameCreatedEvent: homeUsername must be a string, homeTeamId must be a string, awayUsername must be a string, awayTeamId must be a string"`;
