// Jest Snapshot v1, https://goo.gl/fbAQLP

exports[`given: missing data when: I initialize then: error matched snapshot 1`] = `[Error: PlayerRandomizedEvent: currentSeed must be a number conforming to the specified constraints, id must be a string, teamId must be a string, playerType must be a valid enum value]`;
