// Jest Snapshot v1, https://goo.gl/fbAQLP

exports[`given: missing data when: I initialize then: error matched snapshot 1`] = `[Error: GameCreatedEvent: currentSeed must be a number conforming to the specified constraints, homeTeamId must be a string, homeTeamSequence must be a string, awayTeamId must be a string, awayTeamSequence must be a string]`;
