// Jest Snapshot v1, https://goo.gl/fbAQLP

exports[`given: missing data when: I initialize then: error matched snapshot 1`] = `[Error: OwnerSummaryView: id must be a string, sequence must be a number string, attributes must be an object]`;

exports[`given: missing nested data when: I initialize then: error matched snapshot 1`] = `
[Error: OwnerSummaryView: id must be a string, sequence must be a number string, An instance of an object has failed the validation:
 - property attributes.username has failed the following constraints: isString 
]
`;
