// Jest Snapshot v1, https://goo.gl/fbAQLP

exports[`given: missing data when: I initialize then: error matched snapshot 1`] = `[Error: GameSummaryView: id must be a string, sequence must be a number string, currentSeed must be a number conforming to the specified constraints, homeTeam must be an object, awayTeam must be an object, stateAttributes must be an object]`;

exports[`given: missing nested data when: I initialize then: error matched snapshot 1`] = `
[Error: GameSummaryView: id must be a string, sequence must be a number string, currentSeed must be a number conforming to the specified constraints, An instance of an object has failed the validation:
 - property homeTeam.id has failed the following constraints: isString 
 - property homeTeam.sequence has failed the following constraints: isNumberString 
 - property homeTeam.ownerId has failed the following constraints: isString 
 - property homeTeam.attributes has failed the following constraints: isObject 
, An instance of an object has failed the validation:
 - property awayTeam.id has failed the following constraints: isString 
 - property awayTeam.sequence has failed the following constraints: isNumberString 
 - property awayTeam.ownerId has failed the following constraints: isString 
 - property awayTeam.attributes has failed the following constraints: isObject 
, An instance of an object has failed the validation:
 - property stateAttributes.state has failed the following constraints: isEnum 
 - property stateAttributes.actorId has failed the following constraints: isString 
]
`;
