// Jest Snapshot v1, https://goo.gl/fbAQLP

exports[`given: missing player data when: I create initialize then: error matched snapshot 1`] = `"DepthChartAssignmentAttributes: playerId must be a string, fromPosition must be a string, fromRank must be a number conforming to the specified constraints, toPosition must be a string, toRank must be a number conforming to the specified constraints"`;
