// Jest Snapshot v1, https://goo.gl/fbAQLP

exports[`given: missing player data when: I create initialize then: error matched snapshot 1`] = `"PlayerStatAttributes: kickoffs must be divisible by 1, kickoffs must be a number conforming to the specified constraints, kickoffYds must be divisible by 1, kickoffYds must be a number conforming to the specified constraints, touchbacks must be divisible by 1, touchbacks must be a number conforming to the specified constraints, kickReturns must be divisible by 1, kickReturns must be a number conforming to the specified constraints, kickReturnYds must be divisible by 1, kickReturnYds must be a number conforming to the specified constraints, kickReturnTDs must be divisible by 1, kickReturnTDs must be a number conforming to the specified constraints"`;
