// Jest Snapshot v1, https://goo.gl/fbAQLP

exports[`given: missing player data when: I create initialize then: error matched snapshot 1`] = `"PlayerStatAttributes: kickoff must be divisible by 1, kickoff must be a number conforming to the specified constraints, kickoffYds must be divisible by 1, kickoffYds must be a number conforming to the specified constraints, touchback must be divisible by 1, touchback must be a number conforming to the specified constraints, kickReturn must be divisible by 1, kickReturn must be a number conforming to the specified constraints, kickReturnYds must be divisible by 1, kickReturnYds must be a number conforming to the specified constraints, kickReturnTD must be divisible by 1, kickReturnTD must be a number conforming to the specified constraints"`;
