// Jest Snapshot v1, https://goo.gl/fbAQLP

exports[`given: missing data when: I initialize then: error matched snapshot 1`] = `[Error: DepthChartAssignedEvent: playerId must be a string, fromPosition must be a string, fromRank must be a number conforming to the specified constraints, toPosition must be a string, toRank must be a number conforming to the specified constraints]`;
